10
4 6
DULD
...#..
#.....
#.#...
......
..#.#.
###...
4 6
RUDL
.....#
#.....
..#.#.
#.#...
.#....
...#..
4 6
LDRU
.#....
......
..#..#
...#..
.#.#..
......
4 6
DULD
#....#
....#.
..#.#.
..#...
......
......
4 6
ULRU
#...##
#..#..
......
.#....
##....
....#.
4 6
LDRD
......
.##.#.
.#...#
......
..#...
.#.##.
4 6
LDUU
#.....
....##
......
......
..#..#
......
4 6
URDU
...#..
......
......
.#...#
..#...
.....#
4 6
LLDD
...#..
......
.#.#..
.....#
..#...
#..#.#
4 6
LRDD
..#...
#.....
#.#...
......
..#...
.....#